2026-01-15 08:14:28,925 - DEBUG - Removed 7 ineligible students:
	 kimiayazdani
	kent3245
	daviddeng0smm
	VictorChen26
	prathyushpoduval
	galhamda-create
	leec00260
2026-01-15 08:14:28,925 - DEBUG - Paired liuftuci (CS141 W26 LAB2A) with yeqiw1 (CS141 W26 LAB2C)
2026-01-15 08:14:28,925 - DEBUG - Paired liuftuci (CS141 W26 LAB2A) with wdrobish (CS141 W26 LAB2C)
2026-01-15 08:14:28,925 - DEBUG - Paired Dhivyno (CS141 W26 LAB2A) with haoqp1 (CS141 W26 LAB2C)
2026-01-15 08:14:28,925 - DEBUG - Paired Dhivyno (CS141 W26 LAB2A) with 20chino05 (CS141 W26 LAB2C)
2026-01-15 08:14:28,925 - DEBUG - Paired Jthoeung (CS141 W26 LAB2A) with sasha-oconnor (CS141 W26 LAB2B)
2026-01-15 08:14:28,925 - DEBUG - Paired Jthoeung (CS141 W26 LAB2A) with techsgithub (CS141 W26 LAB2B)
2026-01-15 08:14:28,925 - DEBUG - Paired charcod-jpg (CS141 W26 LAB2A) with w4h009 (CS141 W26 LAB2C)
2026-01-15 08:14:28,925 - DEBUG - Paired charcod-jpg (CS141 W26 LAB2A) with heechy33 (CS141 W26 LAB2B)
2026-01-15 08:14:28,925 - DEBUG - Paired KayleTruong (CS141 W26 LAB2A) with nyelgireddy (CS141 W26 LAB2B)
2026-01-15 08:14:28,926 - DEBUG - Paired KayleTruong (CS141 W26 LAB2A) with MichaelP222 (CS141 W26 LAB2C)
2026-01-15 08:14:28,926 - DEBUG - Paired pjtsearch (CS141 W26 LAB2A) with alvarov17 (CS141 W26 LAB2B)
2026-01-15 08:14:28,926 - DEBUG - Paired pjtsearch (CS141 W26 LAB2A) with sunjaelee3 (CS141 W26 LAB2C)
2026-01-15 08:14:28,926 - DEBUG - Paired Tiffannyy (CS141 W26 LAB2A) with HsuAustin (CS141 W26 LAB2B)
2026-01-15 08:14:28,926 - DEBUG - Paired Tiffannyy (CS141 W26 LAB2A) with triminhta1207 (CS141 W26 LAB2B)
2026-01-15 08:14:28,926 - DEBUG - Paired Jajavon (CS141 W26 LAB2A) with myn13 (CS141 W26 LAB2C)
2026-01-15 08:14:28,926 - DEBUG - Paired Jajavon (CS141 W26 LAB2A) with fruitsaladyumyum (CS141 W26 LAB2B)
2026-01-15 08:14:28,926 - DEBUG - Paired axelwennerlund (CS141 W26 LAB2A) with christinne-n (CS141 W26 LAB2B)
2026-01-15 08:14:28,926 - DEBUG - Paired axelwennerlund (CS141 W26 LAB2A) with ethnvo (CS141 W26 LAB2C)
2026-01-15 08:14:28,926 - DEBUG - Paired jordan-m-finn (CS141 W26 LAB2A) with LittleLion930 (CS141 W26 LAB2C)
2026-01-15 08:14:28,926 - DEBUG - Paired jordan-m-finn (CS141 W26 LAB2A) with mjliu5 (CS141 W26 LAB2C)
2026-01-15 08:14:28,926 - DEBUG - Paired QuocTrinh-hub (CS141 W26 LAB2A) with marcusl07 (CS141 W26 LAB2C)
2026-01-15 08:14:28,926 - DEBUG - Paired QuocTrinh-hub (CS141 W26 LAB2A) with MNUQUI (CS141 W26 LAB2C)
2026-01-15 08:14:28,926 - DEBUG - Paired NvyGreen (CS141 W26 LAB2A) with itsmandrew (CS141 W26 LAB2B)
2026-01-15 08:14:28,926 - DEBUG - Paired NvyGreen (CS141 W26 LAB2A) with xsjsgfdysd (CS141 W26 LAB2C)
2026-01-15 08:14:28,926 - DEBUG - Paired BradyCason (CS141 W26 LAB2A) with ganeevsinghs (CS141 W26 LAB2C)
2026-01-15 08:14:28,926 - DEBUG - Paired BradyCason (CS141 W26 LAB2A) with riyapanche (CS141 W26 LAB2B)
2026-01-15 08:14:28,926 - DEBUG - Paired JustinLi212 (CS141 W26 LAB2A) with brandog2039 (CS141 W26 LAB2B)
2026-01-15 08:14:28,926 - DEBUG - Paired JustinLi212 (CS141 W26 LAB2A) with bqtquach (CS141 W26 LAB2B)
2026-01-15 08:14:28,926 - DEBUG - Paired nxphan-uci (CS141 W26 LAB2A) with eshahrestany (CS141 W26 LAB2C)
2026-01-15 08:14:28,926 - DEBUG - Paired nxphan-uci (CS141 W26 LAB2A) with 1JunHuang (CS141 W26 LAB2C)
2026-01-15 08:14:28,926 - DEBUG - Paired laggycomputer (CS141 W26 LAB2A) with ninal11 (CS141 W26 LAB2B)
2026-01-15 08:14:28,926 - DEBUG - Paired laggycomputer (CS141 W26 LAB2A) with charlesyeh-1103 (CS141 W26 LAB2C)
2026-01-15 08:14:28,926 - DEBUG - Paired JordanPham2002 (CS141 W26 LAB2A) with nathanlcheng (CS141 W26 LAB2B)
2026-01-15 08:14:28,926 - DEBUG - Paired JordanPham2002 (CS141 W26 LAB2A) with anthon12-uci (CS141 W26 LAB2C)
2026-01-15 08:14:28,926 - DEBUG - Paired PNZ-z (CS141 W26 LAB2A) with Jinseyam (CS141 W26 LAB2C)
2026-01-15 08:14:28,926 - DEBUG - Paired PNZ-z (CS141 W26 LAB2A) with AntonioCuan (CS141 W26 LAB2C)
2026-01-15 08:14:28,926 - DEBUG - Paired kristerduster (CS141 W26 LAB2A) with spencerleaf (CS141 W26 LAB2C)
2026-01-15 08:14:28,926 - DEBUG - Paired kristerduster (CS141 W26 LAB2A) with sasakip-uci-edu (CS141 W26 LAB2C)
2026-01-15 08:14:28,926 - DEBUG - Paired ermmre (CS141 W26 LAB2A) with LentKe (CS141 W26 LAB2B)
2026-01-15 08:14:28,926 - DEBUG - Paired ermmre (CS141 W26 LAB2A) with Ranoldt (CS141 W26 LAB2B)
2026-01-15 08:14:28,926 - DEBUG - Paired mtranfie (CS141 W26 LAB2A) with avanaaap (CS141 W26 LAB2B)
2026-01-15 08:14:28,926 - DEBUG - Paired mtranfie (CS141 W26 LAB2A) with Lekzs (CS141 W26 LAB2C)
2026-01-15 08:14:28,926 - DEBUG - Paired ebangerz (CS141 W26 LAB2A) with CyanAnteater (CS141 W26 LAB2B)
2026-01-15 08:14:28,926 - DEBUG - Paired ebangerz (CS141 W26 LAB2A) with DylanVuong3 (CS141 W26 LAB2C)
2026-01-15 08:14:28,926 - DEBUG - Paired AndrewShim0428 (CS141 W26 LAB2A) with wendiiiiii (CS141 W26 LAB2C)
2026-01-15 08:14:28,926 - DEBUG - Paired AndrewShim0428 (CS141 W26 LAB2A) with agamvirmandair (CS141 W26 LAB2C)
2026-01-15 08:14:28,926 - DEBUG - Paired clairdelunesolace (CS141 W26 LAB2A) with CHAdinna (CS141 W26 LAB2C)
2026-01-15 08:14:28,926 - DEBUG - Paired clairdelunesolace (CS141 W26 LAB2A) with AllyBeary (CS141 W26 LAB2B)
2026-01-15 08:14:28,926 - DEBUG - Paired 6LEON8 (CS141 W26 LAB2A) with joolenn (CS141 W26 LAB2B)
2026-01-15 08:14:28,926 - DEBUG - Paired 6LEON8 (CS141 W26 LAB2A) with EatKFCinMc (CS141 W26 LAB2C)
2026-01-15 08:14:28,926 - DEBUG - Paired hivgundamss (CS141 W26 LAB2A) with joshngn (CS141 W26 LAB2B)
2026-01-15 08:14:28,926 - DEBUG - Paired hivgundamss (CS141 W26 LAB2A) with achakka24 (CS141 W26 LAB2B)
2026-01-15 08:14:28,926 - DEBUG - Paired cessar3 (CS141 W26 LAB2A) with lukes4-uci (CS141 W26 LAB2B)
2026-01-15 08:14:28,926 - DEBUG - Paired cessar3 (CS141 W26 LAB2A) with aresalvarado (CS141 W26 LAB2C)
2026-01-15 08:14:28,926 - DEBUG - Paired laurajacint0 (CS141 W26 LAB2A) with varunia2 (CS141 W26 LAB2C)
2026-01-15 08:14:28,926 - DEBUG - Paired laurajacint0 (CS141 W26 LAB2A) with sahirss (CS141 W26 LAB2B)
2026-01-15 08:14:28,926 - DEBUG - Paired pr1vatestaticfinal (CS141 W26 LAB2A) with arjunk76 (CS141 W26 LAB2C)
2026-01-15 08:14:28,926 - DEBUG - Paired pr1vatestaticfinal (CS141 W26 LAB2A) with kevinh-a (CS141 W26 LAB2C)
2026-01-15 08:14:28,926 - DEBUG - Paired ethanvotran20 (CS141 W26 LAB2A) with sim-hub1 (CS141 W26 LAB2C)
2026-01-15 08:14:28,926 - DEBUG - Paired ethanvotran20 (CS141 W26 LAB2A) with ariyagowda (CS141 W26 LAB2C)
2026-01-15 08:14:28,926 - DEBUG - Paired pub1icstaticvoid (CS141 W26 LAB2A) with yilis15 (CS141 W26 LAB2B)
2026-01-15 08:14:28,926 - DEBUG - Paired pub1icstaticvoid (CS141 W26 LAB2A) with ArchieSeh (CS141 W26 LAB2C)
2026-01-15 08:14:28,926 - DEBUG - Paired lukashauge (CS141 W26 LAB2A) with firewuf (CS141 W26 LAB2B)
2026-01-15 08:14:28,926 - DEBUG - Paired lukashauge (CS141 W26 LAB2A) with dsilluci (CS141 W26 LAB2C)
2026-01-15 08:14:28,926 - DEBUG - Paired KunGeng (CS141 W26 LAB2A) with Epic-Mushroom (CS141 W26 LAB2B)
2026-01-15 08:14:28,926 - DEBUG - Paired KunGeng (CS141 W26 LAB2A) with lenat05 (CS141 W26 LAB2B)
2026-01-15 08:14:28,927 - DEBUG - Paired Atif-Ahmad (CS141 W26 LAB2A) with TonyYao8271 (CS141 W26 LAB2B)
2026-01-15 08:14:28,927 - DEBUG - Paired Atif-Ahmad (CS141 W26 LAB2A) with AdiAnteater (CS141 W26 LAB2C)
2026-01-15 08:14:28,927 - DEBUG - Paired esivorap (CS141 W26 LAB2A) with jy8liu (CS141 W26 LAB2C)
2026-01-15 08:14:28,927 - DEBUG - Paired esivorap (CS141 W26 LAB2A) with zhcaury2 (CS141 W26 LAB2B)
2026-01-15 08:14:28,927 - DEBUG - Paired emiliolim (CS141 W26 LAB2A) with Ava-Kopecky (CS141 W26 LAB2C)
2026-01-15 08:14:28,927 - DEBUG - Paired emiliolim (CS141 W26 LAB2A) with lucasli2 (CS141 W26 LAB2C)
2026-01-15 08:14:28,927 - DEBUG - Paired smuretta16 (CS141 W26 LAB2A) with devg1ics (CS141 W26 LAB2C)
2026-01-15 08:14:28,927 - DEBUG - Paired smuretta16 (CS141 W26 LAB2A) with willm326 (CS141 W26 LAB2C)
2026-01-15 08:14:28,927 - DEBUG - Paired AnviM1 (CS141 W26 LAB2A) with AlvinAKTran (CS141 W26 LAB2B)
2026-01-15 08:14:28,927 - DEBUG - Paired AnviM1 (CS141 W26 LAB2A) with QNDang (CS141 W26 LAB2C)
2026-01-15 08:14:28,927 - DEBUG - Paired Nicol-U (CS141 W26 LAB2A) with gcjong030 (CS141 W26 LAB2C)
2026-01-15 08:14:28,927 - DEBUG - Paired Nicol-U (CS141 W26 LAB2A) with Frank808-Git (CS141 W26 LAB2C)
2026-01-15 08:14:28,927 - DEBUG - Paired moonluno (CS141 W26 LAB2A) with apoolla114 (CS141 W26 LAB2C)
2026-01-15 08:14:28,927 - DEBUG - Paired moonluno (CS141 W26 LAB2A) with EliranAvigani (CS141 W26 LAB2B)
2026-01-15 08:14:28,927 - DEBUG - Paired noahk004 (CS141 W26 LAB2A) with jjdonckels (CS141 W26 LAB2C)
2026-01-15 08:14:28,927 - DEBUG - Paired noahk004 (CS141 W26 LAB2A) with aputty11 (CS141 W26 LAB2C)
2026-01-15 08:14:28,927 - DEBUG - Paired dpappachan (CS141 W26 LAB2A) with nctam2 (CS141 W26 LAB2C)
2026-01-15 08:14:28,927 - DEBUG - Paired dpappachan (CS141 W26 LAB2A) with Dpoin23 (CS141 W26 LAB2B)
2026-01-15 08:14:28,927 - DEBUG - Paired kamyyywang (CS141 W26 LAB2A) with iiBooque (CS141 W26 LAB2C)
2026-01-15 08:14:28,927 - DEBUG - Paired kamyyywang (CS141 W26 LAB2A) with abhinavuppala (CS141 W26 LAB2B)
2026-01-15 08:14:28,927 - DEBUG - Paired HarryS561 (CS141 W26 LAB2A) with andrewwsou (CS141 W26 LAB2B)
2026-01-15 08:14:28,927 - DEBUG - Paired HarryS561 (CS141 W26 LAB2A) with gymPotato-1 (CS141 W26 LAB2C)
2026-01-15 08:14:28,927 - DEBUG - Paired daviddeng0smm (CS141 W26 LAB2B) with aditkantak (CS141 W26 LAB2C)
2026-01-15 08:14:28,927 - DEBUG - Paired daviddeng0smm (CS141 W26 LAB2B) with MubaiLi222 (CS141 W26 LAB2C)
2026-01-15 08:14:28,927 - DEBUG - Paired EliranAvigani (CS141 W26 LAB2B) with KunGeng (CS141 W26 LAB2A)
2026-01-15 08:14:28,927 - DEBUG - Paired EliranAvigani (CS141 W26 LAB2B) with lukashauge (CS141 W26 LAB2A)
2026-01-15 08:14:28,927 - DEBUG - Paired TonyYao8271 (CS141 W26 LAB2B) with ermmre (CS141 W26 LAB2A)
2026-01-15 08:14:28,927 - DEBUG - Paired TonyYao8271 (CS141 W26 LAB2B) with cessar3 (CS141 W26 LAB2A)
2026-01-15 08:14:28,927 - DEBUG - Paired elizabethmwatkins (CS141 W26 LAB2B) with duyaj (CS141 W26 LAB2C)
2026-01-15 08:14:28,927 - DEBUG - Paired elizabethmwatkins (CS141 W26 LAB2B) with pjtsearch (CS141 W26 LAB2A)
2026-01-15 08:14:28,927 - DEBUG - Paired christianacho (CS141 W26 LAB2B) with JimmyZzz30 (CS141 W26 LAB2C)
2026-01-15 08:14:28,927 - DEBUG - Paired christianacho (CS141 W26 LAB2B) with AshGasparyanCS (CS141 W26 LAB2C)
2026-01-15 08:14:28,927 - DEBUG - Paired Ranoldt (CS141 W26 LAB2B) with kbattson (CS141 W26 LAB2C)
2026-01-15 08:14:28,927 - DEBUG - Paired Ranoldt (CS141 W26 LAB2B) with Accelerator050717 (CS141 W26 LAB2C)
2026-01-15 08:14:28,927 - DEBUG - Paired jasonbm2 (CS141 W26 LAB2B) with charcod-jpg (CS141 W26 LAB2A)
2026-01-15 08:14:28,927 - DEBUG - Paired jasonbm2 (CS141 W26 LAB2B) with vmrenter-code (CS141 W26 LAB2C)
2026-01-15 08:14:28,927 - DEBUG - Paired Alexander-Tu2 (CS141 W26 LAB2B) with JordanPham2002 (CS141 W26 LAB2A)
2026-01-15 08:14:28,927 - DEBUG - Paired Alexander-Tu2 (CS141 W26 LAB2B) with kristerduster (CS141 W26 LAB2A)
2026-01-15 08:14:28,927 - DEBUG - Paired yuchuehw (CS141 W26 LAB2B) with Neilk1021 (CS141 W26 LAB2C)
2026-01-15 08:14:28,927 - DEBUG - Paired yuchuehw (CS141 W26 LAB2B) with dpappachan (CS141 W26 LAB2A)
2026-01-15 08:14:28,927 - DEBUG - Paired ryanrT27 (CS141 W26 LAB2B) with thomasn05 (CS141 W26 LAB2C)
2026-01-15 08:14:28,927 - DEBUG - Paired ryanrT27 (CS141 W26 LAB2B) with Dhivyno (CS141 W26 LAB2A)
2026-01-15 08:14:28,927 - DEBUG - Paired mvttjb (CS141 W26 LAB2B) with Mr-Merp (CS141 W26 LAB2C)
2026-01-15 08:14:28,927 - DEBUG - Paired mvttjb (CS141 W26 LAB2B) with Nicol-U (CS141 W26 LAB2A)
2026-01-15 08:14:28,927 - DEBUG - Paired alvarov17 (CS141 W26 LAB2B) with JustinLi212 (CS141 W26 LAB2A)
2026-01-15 08:14:28,927 - DEBUG - Paired alvarov17 (CS141 W26 LAB2B) with 6LEON8 (CS141 W26 LAB2A)
2026-01-15 08:14:28,927 - DEBUG - Paired firewuf (CS141 W26 LAB2B) with noahk004 (CS141 W26 LAB2A)
2026-01-15 08:14:28,927 - DEBUG - Paired firewuf (CS141 W26 LAB2B) with moonluno (CS141 W26 LAB2A)
2026-01-15 08:14:28,927 - DEBUG - Paired lukes4-uci (CS141 W26 LAB2B) with kamyyywang (CS141 W26 LAB2A)
2026-01-15 08:14:28,927 - DEBUG - Paired lukes4-uci (CS141 W26 LAB2B) with AndrewShim0428 (CS141 W26 LAB2A)
2026-01-15 08:14:28,927 - DEBUG - Paired sasha-oconnor (CS141 W26 LAB2B) with BradyCason (CS141 W26 LAB2A)
2026-01-15 08:14:28,927 - DEBUG - Paired sasha-oconnor (CS141 W26 LAB2B) with HarryS561 (CS141 W26 LAB2A)
2026-01-15 08:14:28,927 - DEBUG - Paired HsuAustin (CS141 W26 LAB2B) with NvyGreen (CS141 W26 LAB2A)
2026-01-15 08:14:28,927 - DEBUG - Paired HsuAustin (CS141 W26 LAB2B) with axelwennerlund (CS141 W26 LAB2A)
2026-01-15 08:14:28,927 - DEBUG - Paired joshngn (CS141 W26 LAB2B) with cusianovic (CS141 W26 LAB2C)
2026-01-15 08:14:28,927 - DEBUG - Paired joshngn (CS141 W26 LAB2B) with ZhouhengTao (CS141 W26 LAB2C)
2026-01-15 08:14:28,927 - DEBUG - Paired sehop1-source (CS141 W26 LAB2B) with supanice-uci (CS141 W26 LAB2C)
2026-01-15 08:14:28,928 - DEBUG - Paired sehop1-source (CS141 W26 LAB2B) with Atif-Ahmad (CS141 W26 LAB2A)
2026-01-15 08:14:28,928 - DEBUG - Paired jifanf1 (CS141 W26 LAB2B) with pr1vatestaticfinal (CS141 W26 LAB2A)
2026-01-15 08:14:28,928 - DEBUG - Paired jifanf1 (CS141 W26 LAB2B) with ethanvotran20 (CS141 W26 LAB2A)
2026-01-15 08:14:28,928 - DEBUG - Paired riyapanche (CS141 W26 LAB2B) with pub1icstaticvoid (CS141 W26 LAB2A)
2026-01-15 08:14:28,928 - DEBUG - Paired riyapanche (CS141 W26 LAB2B) with PartiNoone (CS141 W26 LAB2C)
2026-01-15 08:14:28,928 - DEBUG - Paired drewreed2005 (CS141 W26 LAB2B) with rsljhns (CS141 W26 LAB2C)
2026-01-15 08:14:28,928 - DEBUG - Paired drewreed2005 (CS141 W26 LAB2B) with mtranfie (CS141 W26 LAB2A)
2026-01-15 08:14:28,928 - DEBUG - Paired AlvinAKTran (CS141 W26 LAB2B) with vatsag-06 (CS141 W26 LAB2C)
2026-01-15 08:14:28,928 - DEBUG - Paired AlvinAKTran (CS141 W26 LAB2B) with liuftuci (CS141 W26 LAB2A)
2026-01-15 08:14:28,928 - DEBUG - Paired nathanlcheng (CS141 W26 LAB2B) with smuretta16 (CS141 W26 LAB2A)
2026-01-15 08:14:28,928 - DEBUG - Paired nathanlcheng (CS141 W26 LAB2B) with QuocTrinh-hub (CS141 W26 LAB2A)
2026-01-15 08:14:28,928 - DEBUG - Paired abhinavuppala (CS141 W26 LAB2B) with rheajethvani (CS141 W26 LAB2C)
2026-01-15 08:14:28,928 - DEBUG - Paired abhinavuppala (CS141 W26 LAB2B) with jordan-m-finn (CS141 W26 LAB2A)
2026-01-15 08:14:28,928 - DEBUG - Paired Dpoin23 (CS141 W26 LAB2B) with laurajacint0 (CS141 W26 LAB2A)
2026-01-15 08:14:28,928 - DEBUG - Paired Dpoin23 (CS141 W26 LAB2B) with emiliolim (CS141 W26 LAB2A)
2026-01-15 08:14:28,928 - DEBUG - Paired techsgithub (CS141 W26 LAB2B) with ebangerz (CS141 W26 LAB2A)
2026-01-15 08:14:28,928 - DEBUG - Paired techsgithub (CS141 W26 LAB2B) with seungl25 (CS141 W26 LAB2C)
2026-01-15 08:14:28,928 - DEBUG - Paired oglantz (CS141 W26 LAB2B) with Jthoeung (CS141 W26 LAB2A)
2026-01-15 08:14:28,928 - DEBUG - Paired oglantz (CS141 W26 LAB2B) with EpicToastTM (CS141 W26 LAB2C)
2026-01-15 08:14:28,928 - DEBUG - Paired nyelgireddy (CS141 W26 LAB2B) with NotJonny1 (CS141 W26 LAB2C)
2026-01-15 08:14:28,928 - DEBUG - Paired nyelgireddy (CS141 W26 LAB2B) with clairdelunesolace (CS141 W26 LAB2A)
2026-01-15 08:14:28,928 - DEBUG - Paired andrewwsou (CS141 W26 LAB2B) with iamshauryag (CS141 W26 LAB2C)
2026-01-15 08:14:28,928 - DEBUG - Paired andrewwsou (CS141 W26 LAB2B) with ImRayyaan (CS141 W26 LAB2C)
2026-01-15 08:14:28,928 - DEBUG - Paired Karbite (CS141 W26 LAB2B) with PNZ-z (CS141 W26 LAB2A)
2026-01-15 08:14:28,928 - DEBUG - Paired Karbite (CS141 W26 LAB2B) with laggycomputer (CS141 W26 LAB2A)
2026-01-15 08:14:28,928 - DEBUG - Paired lenat05 (CS141 W26 LAB2B) with esivorap (CS141 W26 LAB2A)
2026-01-15 08:14:28,928 - DEBUG - Paired lenat05 (CS141 W26 LAB2B) with Ewuman (CS141 W26 LAB2C)
2026-01-15 08:14:28,928 - DEBUG - Paired echennau (CS141 W26 LAB2B) with Tiffannyy (CS141 W26 LAB2A)
2026-01-15 08:14:28,928 - DEBUG - Paired echennau (CS141 W26 LAB2B) with nxphan-uci (CS141 W26 LAB2A)
2026-01-15 08:14:28,928 - DEBUG - Paired ninal11 (CS141 W26 LAB2B) with Jajavon (CS141 W26 LAB2A)
2026-01-15 08:14:28,928 - DEBUG - Paired ninal11 (CS141 W26 LAB2B) with jaack4 (CS141 W26 LAB2C)
2026-01-15 08:14:28,928 - DEBUG - Paired twleochao (CS141 W26 LAB2B) with AnviM1 (CS141 W26 LAB2A)
2026-01-15 08:14:28,928 - DEBUG - Paired twleochao (CS141 W26 LAB2B) with maburto19 (CS141 W26 LAB2C)
2026-01-15 08:14:28,928 - DEBUG - Paired achakka24 (CS141 W26 LAB2B) with jiyu02 (CS141 W26 LAB2C)
2026-01-15 08:14:28,928 - DEBUG - Paired achakka24 (CS141 W26 LAB2B) with hivgundamss (CS141 W26 LAB2A)
2026-01-15 08:14:28,928 - DEBUG - Paired sahirss (CS141 W26 LAB2B) with sahirsh (CS141 W26 LAB2C)
2026-01-15 08:14:28,928 - DEBUG - Paired sahirss (CS141 W26 LAB2B) with Benny237 (CS141 W26 LAB2C)
2026-01-15 08:14:28,928 - DEBUG - Paired avanaaap (CS141 W26 LAB2B) with KayleTruong (CS141 W26 LAB2A)
2026-01-15 08:14:28,928 - DEBUG - Paired avanaaap (CS141 W26 LAB2B) with chriscc5 (CS141 W26 LAB2C)
2026-01-15 08:14:28,928 - DEBUG - Paired itsmandrew (CS141 W26 LAB2B) with wendiiiiii (CS141 W26 LAB2C)
2026-01-15 08:14:28,928 - DEBUG - Paired itsmandrew (CS141 W26 LAB2B) with jaack4 (CS141 W26 LAB2C)
2026-01-15 08:14:28,928 - DEBUG - Paired christinne-n (CS141 W26 LAB2B) with supanice-uci (CS141 W26 LAB2C)
2026-01-15 08:14:28,928 - DEBUG - Paired christinne-n (CS141 W26 LAB2B) with ganeevsinghs (CS141 W26 LAB2C)
2026-01-15 08:14:28,928 - DEBUG - Paired Wheeledparasite (CS141 W26 LAB2B) with eshahrestany (CS141 W26 LAB2C)
2026-01-15 08:14:28,928 - DEBUG - Paired Wheeledparasite (CS141 W26 LAB2B) with hivgundamss (CS141 W26 LAB2A)
2026-01-15 08:14:28,928 - DEBUG - Paired edenradulescu (CS141 W26 LAB2B) with duyaj (CS141 W26 LAB2C)
2026-01-15 08:14:28,928 - DEBUG - Paired edenradulescu (CS141 W26 LAB2B) with pjtsearch (CS141 W26 LAB2A)
2026-01-15 08:14:28,928 - DEBUG - Paired zhcaury2 (CS141 W26 LAB2B) with Frank808-Git (CS141 W26 LAB2C)
2026-01-15 08:14:28,928 - DEBUG - Paired zhcaury2 (CS141 W26 LAB2B) with Jinseyam (CS141 W26 LAB2C)
2026-01-15 08:14:28,928 - DEBUG - Paired alexpetro47 (CS141 W26 LAB2B) with Dhivyno (CS141 W26 LAB2A)
2026-01-15 08:14:28,928 - DEBUG - Paired alexpetro47 (CS141 W26 LAB2B) with dsilluci (CS141 W26 LAB2C)
2026-01-15 08:14:28,928 - DEBUG - Paired BrittenEtchison (CS141 W26 LAB2B) with MNUQUI (CS141 W26 LAB2C)
2026-01-15 08:14:28,928 - DEBUG - Paired BrittenEtchison (CS141 W26 LAB2B) with emiliolim (CS141 W26 LAB2A)
2026-01-15 08:14:28,928 - DEBUG - Paired joolenn (CS141 W26 LAB2B) with Ewuman (CS141 W26 LAB2C)
2026-01-15 08:14:28,928 - DEBUG - Paired joolenn (CS141 W26 LAB2B) with willm326 (CS141 W26 LAB2C)
2026-01-15 08:14:28,928 - DEBUG - Paired AllyBeary (CS141 W26 LAB2B) with 1JunHuang (CS141 W26 LAB2C)
2026-01-15 08:14:28,928 - DEBUG - Paired AllyBeary (CS141 W26 LAB2B) with jjdonckels (CS141 W26 LAB2C)
2026-01-15 08:14:28,928 - DEBUG - Paired Epic-Mushroom (CS141 W26 LAB2B) with CHAdinna (CS141 W26 LAB2C)
2026-01-15 08:14:28,928 - DEBUG - Paired Epic-Mushroom (CS141 W26 LAB2B) with DylanVuong3 (CS141 W26 LAB2C)
2026-01-15 08:14:28,928 - DEBUG - Paired LentKe (CS141 W26 LAB2B) with NotJonny1 (CS141 W26 LAB2C)
2026-01-15 08:14:28,928 - DEBUG - Paired LentKe (CS141 W26 LAB2B) with charlesyeh-1103 (CS141 W26 LAB2C)
2026-01-15 08:14:28,928 - DEBUG - Paired bqtquach (CS141 W26 LAB2B) with jy8liu (CS141 W26 LAB2C)
2026-01-15 08:14:28,929 - DEBUG - Paired bqtquach (CS141 W26 LAB2B) with AndrewShim0428 (CS141 W26 LAB2A)
2026-01-15 08:14:28,929 - DEBUG - Paired Kraufdeen (CS141 W26 LAB2B) with 6LEON8 (CS141 W26 LAB2A)
2026-01-15 08:14:28,929 - DEBUG - Paired Kraufdeen (CS141 W26 LAB2B) with JimmyZzz30 (CS141 W26 LAB2C)
2026-01-15 08:14:28,929 - DEBUG - Paired nkimogpig (CS141 W26 LAB2B) with gymPotato-1 (CS141 W26 LAB2C)
2026-01-15 08:14:28,929 - DEBUG - Paired nkimogpig (CS141 W26 LAB2B) with Neilk1021 (CS141 W26 LAB2C)
2026-01-15 08:14:28,929 - DEBUG - Paired GreasySponge (CS141 W26 LAB2B) with BradyCason (CS141 W26 LAB2A)
2026-01-15 08:14:28,929 - DEBUG - Paired GreasySponge (CS141 W26 LAB2B) with mjliu5 (CS141 W26 LAB2C)
2026-01-15 08:14:28,929 - DEBUG - Paired dragonkeon (CS141 W26 LAB2B) with yeqiw1 (CS141 W26 LAB2C)
2026-01-15 08:14:28,929 - DEBUG - Paired dragonkeon (CS141 W26 LAB2B) with Atif-Ahmad (CS141 W26 LAB2A)
2026-01-15 08:14:28,929 - DEBUG - Paired AidenFavish (CS141 W26 LAB2B) with rheajethvani (CS141 W26 LAB2C)
2026-01-15 08:14:28,929 - DEBUG - Paired AidenFavish (CS141 W26 LAB2B) with EpicToastTM (CS141 W26 LAB2C)
2026-01-15 08:14:28,929 - DEBUG - Paired timkim0106 (CS141 W26 LAB2B) with xsjsgfdysd (CS141 W26 LAB2C)
2026-01-15 08:14:28,929 - DEBUG - Paired timkim0106 (CS141 W26 LAB2B) with PNZ-z (CS141 W26 LAB2A)
2026-01-15 08:14:28,929 - DEBUG - Paired rykubota (CS141 W26 LAB2B) with LittleLion930 (CS141 W26 LAB2C)
2026-01-15 08:14:28,929 - DEBUG - Paired rykubota (CS141 W26 LAB2B) with wdrobish (CS141 W26 LAB2C)
2026-01-15 08:14:28,929 - DEBUG - Paired CyanAnteater (CS141 W26 LAB2B) with ArchieSeh (CS141 W26 LAB2C)
2026-01-15 08:14:28,929 - DEBUG - Paired CyanAnteater (CS141 W26 LAB2B) with liuftuci (CS141 W26 LAB2A)
2026-01-15 08:14:28,929 - DEBUG - Paired x1d1 (CS141 W26 LAB2B) with nctam2 (CS141 W26 LAB2C)
2026-01-15 08:14:28,929 - DEBUG - Paired x1d1 (CS141 W26 LAB2B) with kevinh-a (CS141 W26 LAB2C)
2026-01-15 08:14:28,929 - DEBUG - Paired fruitsaladyumyum (CS141 W26 LAB2B) with cessar3 (CS141 W26 LAB2A)
2026-01-15 08:14:28,929 - DEBUG - Paired fruitsaladyumyum (CS141 W26 LAB2B) with PartiNoone (CS141 W26 LAB2C)
2026-01-15 08:14:28,929 - DEBUG - Paired manihomafar (CS141 W26 LAB2B) with AshGasparyanCS (CS141 W26 LAB2C)
2026-01-15 08:14:28,929 - DEBUG - Paired manihomafar (CS141 W26 LAB2B) with AntonioCuan (CS141 W26 LAB2C)
2026-01-15 08:14:28,929 - DEBUG - Paired yilis15 (CS141 W26 LAB2B) with laurajacint0 (CS141 W26 LAB2A)
2026-01-15 08:14:28,929 - DEBUG - Paired yilis15 (CS141 W26 LAB2B) with vmrenter-code (CS141 W26 LAB2C)
2026-01-15 08:14:28,929 - DEBUG - Paired sradisay (CS141 W26 LAB2B) with EatKFCinMc (CS141 W26 LAB2C)
2026-01-15 08:14:28,929 - DEBUG - Paired sradisay (CS141 W26 LAB2B) with laggycomputer (CS141 W26 LAB2A)
2026-01-15 08:14:28,929 - DEBUG - Paired noraessam (CS141 W26 LAB2B) with seungl25 (CS141 W26 LAB2C)
2026-01-15 08:14:28,929 - DEBUG - Paired noraessam (CS141 W26 LAB2B) with HarryS561 (CS141 W26 LAB2A)
2026-01-15 08:14:28,929 - DEBUG - Paired heechy33 (CS141 W26 LAB2B) with maburto19 (CS141 W26 LAB2C)
2026-01-15 08:14:28,929 - DEBUG - Paired heechy33 (CS141 W26 LAB2B) with mtranfie (CS141 W26 LAB2A)
2026-01-15 08:14:28,929 - DEBUG - Paired TJHomeworkHub (CS141 W26 LAB2B) with QuocTrinh-hub (CS141 W26 LAB2A)
2026-01-15 08:14:28,929 - DEBUG - Paired TJHomeworkHub (CS141 W26 LAB2B) with JustinLi212 (CS141 W26 LAB2A)
2026-01-15 08:14:28,929 - DEBUG - Paired triminhta1207 (CS141 W26 LAB2B) with rsljhns (CS141 W26 LAB2C)
2026-01-15 08:14:28,929 - DEBUG - Paired triminhta1207 (CS141 W26 LAB2B) with charcod-jpg (CS141 W26 LAB2A)
2026-01-15 08:14:28,929 - DEBUG - Paired brandog2039 (CS141 W26 LAB2B) with ZhouhengTao (CS141 W26 LAB2C)
2026-01-15 08:14:28,929 - DEBUG - Paired brandog2039 (CS141 W26 LAB2B) with arjunk76 (CS141 W26 LAB2C)
2026-01-15 08:14:28,929 - DEBUG - Paired alemg2004 (CS141 W26 LAB2B) with ethnvo (CS141 W26 LAB2C)
2026-01-15 08:14:28,929 - DEBUG - Paired alemg2004 (CS141 W26 LAB2B) with clairdelunesolace (CS141 W26 LAB2A)
2026-01-15 08:14:28,929 - DEBUG - Paired winstonjgiang (CS141 W26 LAB2B) with thomasn05 (CS141 W26 LAB2C)
2026-01-15 08:14:28,929 - DEBUG - Paired winstonjgiang (CS141 W26 LAB2B) with JordanPham2002 (CS141 W26 LAB2A)
2026-01-15 08:14:28,929 - DEBUG - Paired maburto19 (CS141 W26 LAB2C) with jasonbm2 (CS141 W26 LAB2B)
2026-01-15 08:14:28,929 - DEBUG - Paired maburto19 (CS141 W26 LAB2C) with AidenFavish (CS141 W26 LAB2B)
2026-01-15 08:14:28,929 - DEBUG - Paired ganeevsinghs (CS141 W26 LAB2C) with dragonkeon (CS141 W26 LAB2B)
2026-01-15 08:14:28,929 - DEBUG - Paired ganeevsinghs (CS141 W26 LAB2C) with oglantz (CS141 W26 LAB2B)
2026-01-15 08:14:28,929 - DEBUG - Paired PartiNoone (CS141 W26 LAB2C) with TJHomeworkHub (CS141 W26 LAB2B)
2026-01-15 08:14:28,929 - DEBUG - Paired PartiNoone (CS141 W26 LAB2C) with Karbite (CS141 W26 LAB2B)
2026-01-15 08:14:28,929 - DEBUG - Paired kevinh-a (CS141 W26 LAB2C) with BrittenEtchison (CS141 W26 LAB2B)
2026-01-15 08:14:28,929 - DEBUG - Paired kevinh-a (CS141 W26 LAB2C) with christianacho (CS141 W26 LAB2B)
2026-01-15 08:14:28,929 - DEBUG - Paired DylanVuong3 (CS141 W26 LAB2C) with sehop1-source (CS141 W26 LAB2B)
2026-01-15 08:14:28,929 - DEBUG - Paired DylanVuong3 (CS141 W26 LAB2C) with nkimogpig (CS141 W26 LAB2B)
2026-01-15 08:14:28,929 - DEBUG - Paired nctam2 (CS141 W26 LAB2C) with alemg2004 (CS141 W26 LAB2B)
2026-01-15 08:14:28,929 - DEBUG - Paired nctam2 (CS141 W26 LAB2C) with timkim0106 (CS141 W26 LAB2B)
2026-01-15 08:14:28,929 - DEBUG - Paired EatKFCinMc (CS141 W26 LAB2C) with sradisay (CS141 W26 LAB2B)
2026-01-15 08:14:28,929 - DEBUG - Paired EatKFCinMc (CS141 W26 LAB2C) with mvttjb (CS141 W26 LAB2B)
2026-01-15 08:14:28,929 - DEBUG - Paired Accelerator050717 (CS141 W26 LAB2C) with Wheeledparasite (CS141 W26 LAB2B)
2026-01-15 08:14:28,929 - DEBUG - Paired Accelerator050717 (CS141 W26 LAB2C) with x1d1 (CS141 W26 LAB2B)
2026-01-15 08:14:28,929 - DEBUG - Paired QNDang (CS141 W26 LAB2C) with daviddeng0smm (CS141 W26 LAB2B)
2026-01-15 08:14:28,929 - DEBUG - Paired QNDang (CS141 W26 LAB2C) with edenradulescu (CS141 W26 LAB2B)
2026-01-15 08:14:28,929 - DEBUG - Paired iiBooque (CS141 W26 LAB2C) with rykubota (CS141 W26 LAB2B)
2026-01-15 08:14:28,929 - DEBUG - Paired iiBooque (CS141 W26 LAB2C) with drewreed2005 (CS141 W26 LAB2B)
2026-01-15 08:14:28,930 - DEBUG - Paired dsilluci (CS141 W26 LAB2C) with Kraufdeen (CS141 W26 LAB2B)
2026-01-15 08:14:28,930 - DEBUG - Paired dsilluci (CS141 W26 LAB2C) with ryanrT27 (CS141 W26 LAB2B)
2026-01-15 08:14:28,930 - DEBUG - Paired LittleLion930 (CS141 W26 LAB2C) with elizabethmwatkins (CS141 W26 LAB2B)
2026-01-15 08:14:28,930 - DEBUG - Paired LittleLion930 (CS141 W26 LAB2C) with manihomafar (CS141 W26 LAB2B)
2026-01-15 08:14:28,930 - DEBUG - Paired EpicToastTM (CS141 W26 LAB2C) with Alexander-Tu2 (CS141 W26 LAB2B)
2026-01-15 08:14:28,930 - DEBUG - Paired EpicToastTM (CS141 W26 LAB2C) with echennau (CS141 W26 LAB2B)
2026-01-15 08:14:28,930 - DEBUG - Paired Mr-Merp (CS141 W26 LAB2C) with noraessam (CS141 W26 LAB2B)
2026-01-15 08:14:28,930 - DEBUG - Paired Mr-Merp (CS141 W26 LAB2C) with jifanf1 (CS141 W26 LAB2B)
2026-01-15 08:14:28,930 - DEBUG - Paired ZhouhengTao (CS141 W26 LAB2C) with winstonjgiang (CS141 W26 LAB2B)
2026-01-15 08:14:28,930 - DEBUG - Paired ZhouhengTao (CS141 W26 LAB2C) with alexpetro47 (CS141 W26 LAB2B)
2026-01-15 08:14:28,930 - DEBUG - Paired jaack4 (CS141 W26 LAB2C) with GreasySponge (CS141 W26 LAB2B)
2026-01-15 08:14:28,930 - DEBUG - Paired jaack4 (CS141 W26 LAB2C) with yuchuehw (CS141 W26 LAB2B)
2026-01-15 08:14:28,930 - DEBUG - Paired ArchieSeh (CS141 W26 LAB2C) with twleochao (CS141 W26 LAB2B)
2026-01-15 08:14:28,930 - DEBUG - Paired ArchieSeh (CS141 W26 LAB2C) with fruitsaladyumyum (CS141 W26 LAB2B)
2026-01-15 08:14:28,930 - DEBUG - Paired wdrobish (CS141 W26 LAB2C) with ryanrT27 (CS141 W26 LAB2B)
2026-01-15 08:14:28,930 - DEBUG - Paired wdrobish (CS141 W26 LAB2C) with Dpoin23 (CS141 W26 LAB2B)
2026-01-15 08:14:28,930 - DEBUG - Paired sahirsh (CS141 W26 LAB2C) with Nicol-U (CS141 W26 LAB2A)
2026-01-15 08:14:28,930 - DEBUG - Paired sahirsh (CS141 W26 LAB2C) with Tiffannyy (CS141 W26 LAB2A)
2026-01-15 08:14:28,930 - DEBUG - Paired myn13 (CS141 W26 LAB2C) with manihomafar (CS141 W26 LAB2B)
2026-01-15 08:14:28,930 - DEBUG - Paired myn13 (CS141 W26 LAB2C) with nkimogpig (CS141 W26 LAB2B)
2026-01-15 08:14:28,930 - DEBUG - Paired arjunk76 (CS141 W26 LAB2C) with joshngn (CS141 W26 LAB2B)
2026-01-15 08:14:28,930 - DEBUG - Paired arjunk76 (CS141 W26 LAB2C) with CyanAnteater (CS141 W26 LAB2B)
2026-01-15 08:14:28,930 - DEBUG - Paired Ava-Kopecky (CS141 W26 LAB2C) with LentKe (CS141 W26 LAB2B)
2026-01-15 08:14:28,930 - DEBUG - Paired Ava-Kopecky (CS141 W26 LAB2C) with moonluno (CS141 W26 LAB2A)
2026-01-15 08:14:28,930 - DEBUG - Paired supanice-uci (CS141 W26 LAB2C) with yuchuehw (CS141 W26 LAB2B)
2026-01-15 08:14:28,930 - DEBUG - Paired supanice-uci (CS141 W26 LAB2C) with AnviM1 (CS141 W26 LAB2A)
2026-01-15 08:14:28,930 - DEBUG - Paired MichaelP222 (CS141 W26 LAB2C) with elizabethmwatkins (CS141 W26 LAB2B)
2026-01-15 08:14:28,930 - DEBUG - Paired MichaelP222 (CS141 W26 LAB2C) with Alexander-Tu2 (CS141 W26 LAB2B)
2026-01-15 08:14:28,930 - DEBUG - Paired jjdonckels (CS141 W26 LAB2C) with TJHomeworkHub (CS141 W26 LAB2B)
2026-01-15 08:14:28,930 - DEBUG - Paired jjdonckels (CS141 W26 LAB2C) with yilis15 (CS141 W26 LAB2B)
2026-01-15 08:14:28,930 - DEBUG - Paired eshahrestany (CS141 W26 LAB2C) with christianacho (CS141 W26 LAB2B)
2026-01-15 08:14:28,930 - DEBUG - Paired eshahrestany (CS141 W26 LAB2C) with pub1icstaticvoid (CS141 W26 LAB2A)
2026-01-15 08:14:28,930 - DEBUG - Paired sasakip-uci-edu (CS141 W26 LAB2C) with itsmandrew (CS141 W26 LAB2B)
2026-01-15 08:14:28,930 - DEBUG - Paired sasakip-uci-edu (CS141 W26 LAB2C) with sasha-oconnor (CS141 W26 LAB2B)
2026-01-15 08:14:28,930 - DEBUG - Paired Benny237 (CS141 W26 LAB2C) with zhcaury2 (CS141 W26 LAB2B)
2026-01-15 08:14:28,930 - DEBUG - Paired Benny237 (CS141 W26 LAB2C) with nxphan-uci (CS141 W26 LAB2A)
2026-01-15 08:14:28,930 - DEBUG - Paired anthon12-uci (CS141 W26 LAB2C) with Karbite (CS141 W26 LAB2B)
2026-01-15 08:14:28,930 - DEBUG - Paired anthon12-uci (CS141 W26 LAB2C) with dragonkeon (CS141 W26 LAB2B)
2026-01-15 08:14:28,930 - DEBUG - Paired gcjong030 (CS141 W26 LAB2C) with joolenn (CS141 W26 LAB2B)
2026-01-15 08:14:28,930 - DEBUG - Paired gcjong030 (CS141 W26 LAB2C) with echennau (CS141 W26 LAB2B)
2026-01-15 08:14:28,930 - DEBUG - Paired jiyu02 (CS141 W26 LAB2C) with NvyGreen (CS141 W26 LAB2A)
2026-01-15 08:14:28,930 - DEBUG - Paired jiyu02 (CS141 W26 LAB2C) with ermmre (CS141 W26 LAB2A)
2026-01-15 08:14:28,930 - DEBUG - Paired Frank808-Git (CS141 W26 LAB2C) with esivorap (CS141 W26 LAB2A)
2026-01-15 08:14:28,930 - DEBUG - Paired Frank808-Git (CS141 W26 LAB2C) with Jthoeung (CS141 W26 LAB2A)
2026-01-15 08:14:28,930 - DEBUG - Paired sunjaelee3 (CS141 W26 LAB2C) with riyapanche (CS141 W26 LAB2B)
2026-01-15 08:14:28,930 - DEBUG - Paired sunjaelee3 (CS141 W26 LAB2C) with oglantz (CS141 W26 LAB2B)
2026-01-15 08:14:28,930 - DEBUG - Paired w4h009 (CS141 W26 LAB2C) with AidenFavish (CS141 W26 LAB2B)
2026-01-15 08:14:28,930 - DEBUG - Paired w4h009 (CS141 W26 LAB2C) with GreasySponge (CS141 W26 LAB2B)
2026-01-15 08:14:28,930 - DEBUG - Paired MubaiLi222 (CS141 W26 LAB2C) with noraessam (CS141 W26 LAB2B)
2026-01-15 08:14:28,930 - DEBUG - Paired MubaiLi222 (CS141 W26 LAB2C) with daviddeng0smm (CS141 W26 LAB2B)
2026-01-15 08:14:28,930 - DEBUG - Paired rsljhns (CS141 W26 LAB2C) with x1d1 (CS141 W26 LAB2B)
2026-01-15 08:14:28,930 - DEBUG - Paired rsljhns (CS141 W26 LAB2C) with drewreed2005 (CS141 W26 LAB2B)
2026-01-15 08:14:28,930 - DEBUG - Paired lucasli2 (CS141 W26 LAB2C) with noahk004 (CS141 W26 LAB2A)
2026-01-15 08:14:28,930 - DEBUG - Paired lucasli2 (CS141 W26 LAB2C) with bqtquach (CS141 W26 LAB2B)
2026-01-15 08:14:28,930 - DEBUG - Paired aditkantak (CS141 W26 LAB2C) with KayleTruong (CS141 W26 LAB2A)
2026-01-15 08:14:28,930 - DEBUG - Paired aditkantak (CS141 W26 LAB2C) with avanaaap (CS141 W26 LAB2B)
2026-01-15 08:14:28,930 - DEBUG - Paired kbattson (CS141 W26 LAB2C) with KunGeng (CS141 W26 LAB2A)
2026-01-15 08:14:28,930 - DEBUG - Paired kbattson (CS141 W26 LAB2C) with rykubota (CS141 W26 LAB2B)
2026-01-15 08:14:28,930 - DEBUG - Paired chriscc5 (CS141 W26 LAB2C) with edenradulescu (CS141 W26 LAB2B)
2026-01-15 08:14:28,930 - DEBUG - Paired chriscc5 (CS141 W26 LAB2C) with brandog2039 (CS141 W26 LAB2B)
2026-01-15 08:14:28,930 - DEBUG - Paired marcusl07 (CS141 W26 LAB2C) with nyelgireddy (CS141 W26 LAB2B)
2026-01-15 08:14:28,930 - DEBUG - Paired marcusl07 (CS141 W26 LAB2C) with smuretta16 (CS141 W26 LAB2A)
2026-01-15 08:14:28,930 - DEBUG - Paired 1JunHuang (CS141 W26 LAB2C) with alvarov17 (CS141 W26 LAB2B)
2026-01-15 08:14:28,930 - DEBUG - Paired 1JunHuang (CS141 W26 LAB2C) with sehop1-source (CS141 W26 LAB2B)
2026-01-15 08:14:28,930 - DEBUG - Paired rheajethvani (CS141 W26 LAB2C) with christinne-n (CS141 W26 LAB2B)
2026-01-15 08:14:28,930 - DEBUG - Paired rheajethvani (CS141 W26 LAB2C) with axelwennerlund (CS141 W26 LAB2A)
2026-01-15 08:14:28,930 - DEBUG - Paired NotJonny1 (CS141 W26 LAB2C) with Epic-Mushroom (CS141 W26 LAB2B)
2026-01-15 08:14:28,930 - DEBUG - Paired NotJonny1 (CS141 W26 LAB2C) with BrittenEtchison (CS141 W26 LAB2B)
2026-01-15 08:14:28,931 - DEBUG - Paired vatsag-06 (CS141 W26 LAB2C) with Kraufdeen (CS141 W26 LAB2B)
2026-01-15 08:14:28,931 - DEBUG - Paired vatsag-06 (CS141 W26 LAB2C) with jordan-m-finn (CS141 W26 LAB2A)
2026-01-15 08:14:28,931 - DEBUG - Paired xsjsgfdysd (CS141 W26 LAB2C) with pr1vatestaticfinal (CS141 W26 LAB2A)
2026-01-15 08:14:28,931 - DEBUG - Paired xsjsgfdysd (CS141 W26 LAB2C) with ninal11 (CS141 W26 LAB2B)
2026-01-15 08:14:28,931 - DEBUG - Paired varunia2 (CS141 W26 LAB2C) with alemg2004 (CS141 W26 LAB2B)
2026-01-15 08:14:28,931 - DEBUG - Paired varunia2 (CS141 W26 LAB2C) with mvttjb (CS141 W26 LAB2B)
2026-01-15 08:14:28,931 - DEBUG - Paired spencerleaf (CS141 W26 LAB2C) with EliranAvigani (CS141 W26 LAB2B)
2026-01-15 08:14:28,931 - DEBUG - Paired spencerleaf (CS141 W26 LAB2C) with nathanlcheng (CS141 W26 LAB2B)
2026-01-15 08:14:28,931 - DEBUG - Paired aputty11 (CS141 W26 LAB2C) with Jajavon (CS141 W26 LAB2A)
2026-01-15 08:14:28,931 - DEBUG - Paired aputty11 (CS141 W26 LAB2C) with timkim0106 (CS141 W26 LAB2B)
2026-01-15 08:14:28,931 - DEBUG - Paired cusianovic (CS141 W26 LAB2C) with jasonbm2 (CS141 W26 LAB2B)
2026-01-15 08:14:28,931 - DEBUG - Paired cusianovic (CS141 W26 LAB2C) with ethanvotran20 (CS141 W26 LAB2A)
2026-01-15 08:14:28,931 - DEBUG - Paired ImRayyaan (CS141 W26 LAB2C) with triminhta1207 (CS141 W26 LAB2B)
2026-01-15 08:14:28,931 - DEBUG - Paired ImRayyaan (CS141 W26 LAB2C) with lukes4-uci (CS141 W26 LAB2B)
2026-01-15 08:14:28,931 - DEBUG - Paired yeqiw1 (CS141 W26 LAB2C) with Wheeledparasite (CS141 W26 LAB2B)
2026-01-15 08:14:28,931 - DEBUG - Paired yeqiw1 (CS141 W26 LAB2C) with TonyYao8271 (CS141 W26 LAB2B)
2026-01-15 08:14:28,931 - DEBUG - Paired AntonioCuan (CS141 W26 LAB2C) with sradisay (CS141 W26 LAB2B)
2026-01-15 08:14:28,931 - DEBUG - Paired AntonioCuan (CS141 W26 LAB2C) with achakka24 (CS141 W26 LAB2B)
2026-01-15 08:14:28,931 - DEBUG - Paired vmrenter-code (CS141 W26 LAB2C) with lenat05 (CS141 W26 LAB2B)
2026-01-15 08:14:28,931 - DEBUG - Paired vmrenter-code (CS141 W26 LAB2C) with Ranoldt (CS141 W26 LAB2B)
2026-01-15 08:14:28,931 - DEBUG - Paired ethnvo (CS141 W26 LAB2C) with andrewwsou (CS141 W26 LAB2B)
2026-01-15 08:14:28,931 - DEBUG - Paired ethnvo (CS141 W26 LAB2C) with AllyBeary (CS141 W26 LAB2B)
2026-01-15 08:14:28,931 - DEBUG - Paired sim-hub1 (CS141 W26 LAB2C) with AlvinAKTran (CS141 W26 LAB2B)
2026-01-15 08:14:28,931 - DEBUG - Paired sim-hub1 (CS141 W26 LAB2C) with jifanf1 (CS141 W26 LAB2B)
2026-01-15 08:14:28,931 - DEBUG - Paired seungl25 (CS141 W26 LAB2C) with twleochao (CS141 W26 LAB2B)
2026-01-15 08:14:28,931 - DEBUG - Paired seungl25 (CS141 W26 LAB2C) with kamyyywang (CS141 W26 LAB2A)
2026-01-15 08:14:28,931 - DEBUG - Paired haoqp1 (CS141 W26 LAB2C) with sahirss (CS141 W26 LAB2B)
2026-01-15 08:14:28,931 - DEBUG - Paired haoqp1 (CS141 W26 LAB2C) with ebangerz (CS141 W26 LAB2A)
2026-01-15 08:14:28,931 - DEBUG - Paired gymPotato-1 (CS141 W26 LAB2C) with firewuf (CS141 W26 LAB2B)
2026-01-15 08:14:28,931 - DEBUG - Paired gymPotato-1 (CS141 W26 LAB2C) with abhinavuppala (CS141 W26 LAB2B)
2026-01-15 08:14:28,931 - DEBUG - Paired 20chino05 (CS141 W26 LAB2C) with alexpetro47 (CS141 W26 LAB2B)
2026-01-15 08:14:28,931 - DEBUG - Paired 20chino05 (CS141 W26 LAB2C) with heechy33 (CS141 W26 LAB2B)
2026-01-15 08:14:28,931 - DEBUG - Paired jy8liu (CS141 W26 LAB2C) with HsuAustin (CS141 W26 LAB2B)
2026-01-15 08:14:28,931 - DEBUG - Paired jy8liu (CS141 W26 LAB2C) with dpappachan (CS141 W26 LAB2A)
2026-01-15 08:14:28,931 - DEBUG - Paired Ewuman (CS141 W26 LAB2C) with techsgithub (CS141 W26 LAB2B)
2026-01-15 08:14:28,931 - DEBUG - Paired Ewuman (CS141 W26 LAB2C) with kristerduster (CS141 W26 LAB2A)
2026-01-15 08:14:28,931 - DEBUG - Paired willm326 (CS141 W26 LAB2C) with winstonjgiang (CS141 W26 LAB2B)
2026-01-15 08:14:28,931 - DEBUG - Paired willm326 (CS141 W26 LAB2C) with lukashauge (CS141 W26 LAB2A)
2026-01-15 08:14:28,931 - DEBUG - Paired Lekzs (CS141 W26 LAB2C) with timkim0106 (CS141 W26 LAB2B)
2026-01-15 08:14:28,931 - DEBUG - Paired Lekzs (CS141 W26 LAB2C) with PNZ-z (CS141 W26 LAB2A)
2026-01-15 08:14:28,931 - DEBUG - Paired AdiAnteater (CS141 W26 LAB2C) with ryanrT27 (CS141 W26 LAB2B)
2026-01-15 08:14:28,931 - DEBUG - Paired AdiAnteater (CS141 W26 LAB2C) with CyanAnteater (CS141 W26 LAB2B)
2026-01-15 08:14:28,931 - DEBUG - Paired JimmyZzz30 (CS141 W26 LAB2C) with cessar3 (CS141 W26 LAB2A)
2026-01-15 08:14:28,931 - DEBUG - Paired JimmyZzz30 (CS141 W26 LAB2C) with nkimogpig (CS141 W26 LAB2B)
2026-01-15 08:14:28,931 - DEBUG - Paired ariyagowda (CS141 W26 LAB2C) with jifanf1 (CS141 W26 LAB2B)
2026-01-15 08:14:28,931 - DEBUG - Paired ariyagowda (CS141 W26 LAB2C) with Alexander-Tu2 (CS141 W26 LAB2B)
2026-01-15 08:14:28,931 - DEBUG - Paired duyaj (CS141 W26 LAB2C) with pub1icstaticvoid (CS141 W26 LAB2A)
2026-01-15 08:14:28,931 - DEBUG - Paired duyaj (CS141 W26 LAB2C) with oglantz (CS141 W26 LAB2B)
2026-01-15 08:14:28,931 - DEBUG - Paired aresalvarado (CS141 W26 LAB2C) with dpappachan (CS141 W26 LAB2A)
2026-01-15 08:14:28,931 - DEBUG - Paired aresalvarado (CS141 W26 LAB2C) with rykubota (CS141 W26 LAB2B)
2026-01-15 08:14:28,931 - DEBUG - Paired thomasn05 (CS141 W26 LAB2C) with 6LEON8 (CS141 W26 LAB2A)
2026-01-15 08:14:28,931 - DEBUG - Paired thomasn05 (CS141 W26 LAB2C) with LentKe (CS141 W26 LAB2B)
2026-01-15 08:14:28,931 - DEBUG - Paired CHAdinna (CS141 W26 LAB2C) with smuretta16 (CS141 W26 LAB2A)
2026-01-15 08:14:28,931 - DEBUG - Paired CHAdinna (CS141 W26 LAB2C) with GreasySponge (CS141 W26 LAB2B)
2026-01-15 08:14:28,931 - DEBUG - Paired AshGasparyanCS (CS141 W26 LAB2C) with ebangerz (CS141 W26 LAB2A)
2026-01-15 08:14:28,931 - DEBUG - Paired AshGasparyanCS (CS141 W26 LAB2C) with sehop1-source (CS141 W26 LAB2B)
2026-01-15 08:14:28,931 - DEBUG - Paired Neilk1021 (CS141 W26 LAB2C) with avanaaap (CS141 W26 LAB2B)
2026-01-15 08:14:28,931 - DEBUG - Paired Neilk1021 (CS141 W26 LAB2C) with Wheeledparasite (CS141 W26 LAB2B)
2026-01-15 08:14:28,931 - DEBUG - Paired MNUQUI (CS141 W26 LAB2C) with christianacho (CS141 W26 LAB2B)
2026-01-15 08:14:28,931 - DEBUG - Paired MNUQUI (CS141 W26 LAB2C) with techsgithub (CS141 W26 LAB2B)
2026-01-15 08:14:28,931 - DEBUG - Paired iamshauryag (CS141 W26 LAB2C) with EliranAvigani (CS141 W26 LAB2B)
2026-01-15 08:14:28,931 - DEBUG - Paired iamshauryag (CS141 W26 LAB2C) with yuchuehw (CS141 W26 LAB2B)
2026-01-15 08:14:28,931 - DEBUG - Paired apoolla114 (CS141 W26 LAB2C) with esivorap (CS141 W26 LAB2A)
2026-01-15 08:14:28,931 - DEBUG - Paired apoolla114 (CS141 W26 LAB2C) with noahk004 (CS141 W26 LAB2A)
2026-01-15 08:14:28,931 - DEBUG - Paired agamvirmandair (CS141 W26 LAB2C) with laurajacint0 (CS141 W26 LAB2A)
2026-01-15 08:14:28,931 - DEBUG - Paired agamvirmandair (CS141 W26 LAB2C) with alvarov17 (CS141 W26 LAB2B)
2026-01-15 08:14:28,931 - DEBUG - Paired Jinseyam (CS141 W26 LAB2C) with Atif-Ahmad (CS141 W26 LAB2A)
2026-01-15 08:14:28,931 - DEBUG - Paired Jinseyam (CS141 W26 LAB2C) with Nicol-U (CS141 W26 LAB2A)
2026-01-15 08:14:28,931 - DEBUG - Paired wendiiiiii (CS141 W26 LAB2C) with kristerduster (CS141 W26 LAB2A)
2026-01-15 08:14:28,931 - DEBUG - Paired wendiiiiii (CS141 W26 LAB2C) with KunGeng (CS141 W26 LAB2A)
2026-01-15 08:14:28,932 - DEBUG - Paired mjliu5 (CS141 W26 LAB2C) with Kraufdeen (CS141 W26 LAB2B)
2026-01-15 08:14:28,932 - DEBUG - Paired mjliu5 (CS141 W26 LAB2C) with joshngn (CS141 W26 LAB2B)
2026-01-15 08:14:28,932 - DEBUG - Paired charlesyeh-1103 (CS141 W26 LAB2C) with mvttjb (CS141 W26 LAB2B)
2026-01-15 08:14:28,932 - DEBUG - Paired charlesyeh-1103 (CS141 W26 LAB2C) with Ranoldt (CS141 W26 LAB2B)
2026-01-15 08:14:28,932 - DEBUG - Paired devg1ics (CS141 W26 LAB2C) with clairdelunesolace (CS141 W26 LAB2A)
2026-01-15 08:14:28,932 - DEBUG - Paired devg1ics (CS141 W26 LAB2C) with JordanPham2002 (CS141 W26 LAB2A)
2026-01-15 08:14:28,932 - DEBUG - Created 390 pairs
